// Jest Snapshot v1, https://goo.gl/fbAQLP

exports[`Prueba en el Componente en addCatagory debe de mostrarse correctamente  1`] = `
<form
  onSubmit={[Function]}
>
  <h2>
    Add Category
  </h2>
  <p />
  <input
    onChange={[Function]}
    type="text"
    value=""
  />
</form>
`;
